[INFO] Scanning for projects...
[INFO] 
[INFO] -------------------< com.ctn:common-authentication >--------------------
[INFO] Building common-authentication 0.0.1-SNAPSHOT
[INFO]   from pom.xml
[INFO] --------------------------------[ jar ]---------------------------------
[INFO] 
[INFO] --- resources:3.3.1:resources (default-resources) @ common-authentication ---
[INFO] Copying 1 resource from src\main\resources to target\classes
[INFO] Copying 2 resources from src\main\resources to target\classes
[INFO] 
[INFO] --- compiler:3.14.1:compile (default-compile) @ common-authentication ---
[INFO] Nothing to compile - all classes are up to date.
[INFO] 
[INFO] --- resources:3.3.1:testResources (default-testResources) @ common-authentication ---
[INFO] skip non existing resourceDirectory C:\Users\Lahiru Madushanka\Desktop\SoftSora\Project CTN\common-authentication\src\test\resources
[INFO] 
[INFO] --- compiler:3.14.1:testCompile (default-testCompile) @ common-authentication ---
[INFO] Nothing to compile - all classes are up to date.
[INFO] 
[INFO] --- surefire:3.5.4:test (default-test) @ common-authentication ---
Downloading from central: https://repo.maven.apache.org/maven2/org/apache/maven/surefire/surefire-logger-api/3.5.4/surefire-logger-api-3.5.4.jar
Downloading from central: https://repo.maven.apache.org/maven2/org/apache/maven/surefire/surefire-api/3.5.4/surefire-api-3.5.4.jar
Downloading from central: https://repo.maven.apache.org/maven2/org/apache/maven/surefire/maven-surefire-common/3.5.4/maven-surefire-common-3.5.4.jar
Downloading from central: https://repo.maven.apache.org/maven2/org/apache/maven/surefire/surefire-shared-utils/3.5.4/surefire-shared-utils-3.5.4.jar
Downloading from central: https://repo.maven.apache.org/maven2/org/apache/maven/surefire/surefire-extensions-api/3.5.4/surefire-extensions-api-3.5.4.jar
Progress (1): 0/2.9 MB
Progress (2): 0/2.9 MB | 0.9/26 kB
Progress (2): 0/2.9 MB | 2.3/26 kB
Progress (2): 0/2.9 MB | 3.7/26 kB
Progress (2): 0/2.9 MB | 5.0/26 kB
Progress (2): 0/2.9 MB | 6.4/26 kB
Progress (2): 0/2.9 MB | 7.8/26 kB
Progress (2): 0/2.9 MB | 9.1/26 kB
Progress (2): 0/2.9 MB | 11/26 kB 
Progress (2): 0/2.9 MB | 12/26 kB
Progress (2): 0/2.9 MB | 13/26 kB
Progress (2): 0/2.9 MB | 15/26 kB
Progress (2): 0/2.9 MB | 16/26 kB
Progress (2): 0/2.9 MB | 17/26 kB
Progress (2): 0/2.9 MB | 19/26 kB
Progress (2): 0/2.9 MB | 20/26 kB
Progress (2): 0/2.9 MB | 21/26 kB
Progress (2): 0/2.9 MB | 23/26 kB
Progress (2): 0/2.9 MB | 24/26 kB
Progress (2): 0/2.9 MB | 26/26 kB
Progress (2): 0/2.9 MB | 26 kB   
Progress (3): 0/2.9 MB | 26 kB | 0.9/14 kB
Progress (3): 0/2.9 MB | 26 kB | 2.3/14 kB
Progress (3): 0/2.9 MB | 26 kB | 3.7/14 kB
Progress (3): 0/2.9 MB | 26 kB | 5.0/14 kB
Progress (3): 0/2.9 MB | 26 kB | 6.4/14 kB
Progress (4): 0/2.9 MB | 26 kB | 6.4/14 kB | 0.9/174 kB
Progress (4): 0/2.9 MB | 26 kB | 7.8/14 kB | 0.9/174 kB
Progress (4): 0/2.9 MB | 26 kB | 7.8/14 kB | 2.3/174 kB
Progress (4): 0/2.9 MB | 26 kB | 9.1/14 kB | 2.3/174 kB
Progress (4): 0/2.9 MB | 26 kB | 9.1/14 kB | 3.7/174 kB
Progress (4): 0/2.9 MB | 26 kB | 11/14 kB | 3.7/174 kB 
Progress (4): 0/2.9 MB | 26 kB | 11/14 kB | 5.0/174 kB
Progress (4): 0/2.9 MB | 26 kB | 11/14 kB | 6.4/174 kB
Progress (4): 0/2.9 MB | 26 kB | 11/14 kB | 7.8/174 kB
Progress (4): 0/2.9 MB | 26 kB | 11/14 kB | 9.1/174 kB
Progress (4): 0/2.9 MB | 26 kB | 12/14 kB | 9.1/174 kB
Progress (4): 0/2.9 MB | 26 kB | 12/14 kB | 11/174 kB 
Progress (4): 0/2.9 MB | 26 kB | 13/14 kB | 11/174 kB
Progress (4): 0/2.9 MB | 26 kB | 14 kB | 11/174 kB   
Progress (4): 0/2.9 MB | 26 kB | 14 kB | 12/174 kB
Progress (5): 0/2.9 MB | 26 kB | 14 kB | 12/174 kB | 1.4/314 kB
Progress (5): 0/2.9 MB | 26 kB | 14 kB | 12/174 kB | 2.7/314 kB
Progress (5): 0/2.9 MB | 26 kB | 14 kB | 12/174 kB | 4.1/314 kB
Progress (5): 0/2.9 MB | 26 kB | 14 kB | 13/174 kB | 4.1/314 kB
Progress (5): 0/2.9 MB | 26 kB | 14 kB | 13/174 kB | 5.5/314 kB
Progress (5): 0/2.9 MB | 26 kB | 14 kB | 15/174 kB | 5.5/314 kB
Progress (5): 0/2.9 MB | 26 kB | 14 kB | 15/174 kB | 6.8/314 kB
Progress (5): 0/2.9 MB | 26 kB | 14 kB | 15/174 kB | 8.2/314 kB
                                                               
Downloaded from central: https://repo.maven.apache.org/maven2/org/apache/maven/surefire/surefire-extensions-api/3.5.4/surefire-extensions-api-3.5.4.jar (26 kB at 31 kB/s)
Downloading from central: https://repo.maven.apache.org/maven2/org/apache/maven/surefire/surefire-booter/3.5.4/surefire-booter-3.5.4.jar
Progress (4): 0/2.9 MB | 14 kB | 15/174 kB | 9.6/314 kB
Progress (4): 0/2.9 MB | 14 kB | 15/174 kB | 11/314 kB 
Progress (4): 0/2.9 MB | 14 kB | 15/174 kB | 12/314 kB
Progress (4): 0/2.9 MB | 14 kB | 15/174 kB | 14/314 kB
Progress (4): 0/2.9 MB | 14 kB | 15/174 kB | 15/314 kB
Progress (4): 0/2.9 MB | 14 kB | 15/174 kB | 16/314 kB
Progress (4): 0/2.9 MB | 14 kB | 15/174 kB | 18/314 kB
Progress (4): 0/2.9 MB | 14 kB | 15/174 kB | 19/314 kB
                                                      
Downloaded from central: https://repo.maven.apache.org/maven2/org/apache/maven/surefire/surefire-logger-api/3.5.4/surefire-logger-api-3.5.4.jar (14 kB at 16 kB/s)
Downloading from central: https://repo.maven.apache.org/maven2/org/apache/maven/surefire/surefire-extensions-spi/3.5.4/surefire-extensions-spi-3.5.4.jar
Progress (3): 0/2.9 MB | 15/174 kB | 19/314 kB
Progress (3): 0/2.9 MB | 15/174 kB | 19/314 kB
Progress (3): 0/2.9 MB | 15/174 kB | 19/314 kB
Progress (3): 0/2.9 MB | 15/174 kB | 19/314 kB
Progress (3): 0/2.9 MB | 15/174 kB | 19/314 kB
Progress (3): 0/2.9 MB | 15/174 kB | 19/314 kB
Progress (3): 0/2.9 MB | 15/174 kB | 19/314 kB
Progress (3): 0/2.9 MB | 15/174 kB | 19/314 kB
Progress (3): 0/2.9 MB | 15/174 kB | 19/314 kB
Progress (3): 0/2.9 MB | 15/174 kB | 19/314 kB
Progress (3): 0/2.9 MB | 15/174 kB | 19/314 kB
Progress (3): 0/2.9 MB | 15/174 kB | 19/314 kB
Progress (3): 0/2.9 MB | 16/174 kB | 19/314 kB
Progress (3): 0/2.9 MB | 17/174 kB | 19/314 kB
Progress (3): 0/2.9 MB | 19/174 kB | 19/314 kB
Progress (3): 0/2.9 MB | 20/174 kB | 19/314 kB
Progress (3): 0/2.9 MB | 21/174 kB | 19/314 kB
Progress (3): 0/2.9 MB | 23/174 kB | 19/314 kB
Progress (3): 0/2.9 MB | 23/174 kB | 19/314 kB
Progress (3): 0/2.9 MB | 24/174 kB | 19/314 kB
Progress (3): 0/2.9 MB | 24/174 kB | 19/314 kB
Progress (3): 0/2.9 MB | 26/174 kB | 19/314 kB
Progress (3): 0/2.9 MB | 26/174 kB | 21/314 kB
Progress (3): 0/2.9 MB | 26/174 kB | 21/314 kB
Progress (3): 0/2.9 MB | 27/174 kB | 21/314 kB
Progress (3): 0/2.9 MB | 27/174 kB | 22/314 kB
Progress (3): 0/2.9 MB | 27/174 kB | 22/314 kB
Progress (3): 0/2.9 MB | 28/174 kB | 22/314 kB
Progress (3): 0/2.9 MB | 28/174 kB | 22/314 kB
Progress (3): 0/2.9 MB | 28/174 kB | 22/314 kB
Progress (3): 0/2.9 MB | 28/174 kB | 22/314 kB
Progress (3): 0/2.9 MB | 30/174 kB | 22/314 kB
Progress (3): 0/2.9 MB | 30/174 kB | 23/314 kB
Progress (3): 0/2.9 MB | 30/174 kB | 25/314 kB
Progress (3): 0/2.9 MB | 30/174 kB | 26/314 kB
Progress (3): 0/2.9 MB | 30/174 kB | 27/314 kB
Progress (3): 0/2.9 MB | 30/174 kB | 29/314 kB
Progress (3): 0/2.9 MB | 30/174 kB | 30/314 kB
Progress (3): 0/2.9 MB | 30/174 kB | 31/314 kB
Progress (3): 0/2.9 MB | 30/174 kB | 33/314 kB
Progress (4): 0/2.9 MB | 30/174 kB | 33/314 kB | 0.9/8.2 kB
Progress (4): 0/2.9 MB | 30/174 kB | 34/314 kB | 0.9/8.2 kB
Progress (4): 0/2.9 MB | 30/174 kB | 34/314 kB | 2.3/8.2 kB
Progress (4): 0/2.9 MB | 30/174 kB | 36/314 kB | 2.3/8.2 kB
Progress (4): 0/2.9 MB | 30/174 kB | 36/314 kB | 3.7/8.2 kB
Progress (4): 0/2.9 MB | 31/174 kB | 36/314 kB | 3.7/8.2 kB
Progress (4): 0/2.9 MB | 32/174 kB | 36/314 kB | 3.7/8.2 kB
Progress (4): 0/2.9 MB | 32/174 kB | 36/314 kB | 5.0/8.2 kB
Progress (4): 0/2.9 MB | 32/174 kB | 36/314 kB | 5.0/8.2 kB
Progress (4): 0/2.9 MB | 32/174 kB | 36/314 kB | 6.4/8.2 kB
Progress (4): 0/2.9 MB | 34/174 kB | 36/314 kB | 6.4/8.2 kB
Progress (4): 0/2.9 MB | 35/174 kB | 36/314 kB | 6.4/8.2 kB
Progress (4): 0/2.9 MB | 37/174 kB | 36/314 kB | 6.4/8.2 kB
Progress (4): 0/2.9 MB | 37/174 kB | 36/314 kB | 7.8/8.2 kB
Progress (4): 0/2.9 MB | 38/174 kB | 36/314 kB | 7.8/8.2 kB
Progress (4): 0/2.9 MB | 38/174 kB | 36/314 kB | 7.8/8.2 kB
Progress (4): 0/2.9 MB | 38/174 kB | 36/314 kB | 8.2 kB    
Progress (4): 0/2.9 MB | 39/174 kB | 36/314 kB | 8.2 kB
Progress (4): 0/2.9 MB | 41/174 kB | 36/314 kB | 8.2 kB
Progress (4): 0/2.9 MB | 42/174 kB | 36/314 kB | 8.2 kB
Progress (4): 0/2.9 MB | 43/174 kB | 36/314 kB | 8.2 kB
Progress (4): 0/2.9 MB | 45/174 kB | 36/314 kB | 8.2 kB
Progress (4): 0/2.9 MB | 46/174 kB | 36/314 kB | 8.2 kB
Progress (4): 0/2.9 MB | 47/174 kB | 36/314 kB | 8.2 kB
Progress (4): 0/2.9 MB | 47/174 kB | 37/314 kB | 8.2 kB
Progress (4): 0/2.9 MB | 47/174 kB | 38/314 kB | 8.2 kB
Progress (4): 0/2.9 MB | 47/174 kB | 40/314 kB | 8.2 kB
Progress (4): 0/2.9 MB | 47/174 kB | 41/314 kB | 8.2 kB
Progress (4): 0/2.9 MB | 47/174 kB | 42/314 kB | 8.2 kB
Progress (4): 0/2.9 MB | 47/174 kB | 44/314 kB | 8.2 kB
Progress (4): 0/2.9 MB | 47/174 kB | 45/314 kB | 8.2 kB
Progress (4): 0/2.9 MB | 47/174 kB | 45/314 kB | 8.2 kB
Progress (4): 0/2.9 MB | 47/174 kB | 45/314 kB | 8.2 kB
Progress (4): 0/2.9 MB | 47/174 kB | 45/314 kB | 8.2 kB
Progress (5): 0/2.9 MB | 47/174 kB | 45/314 kB | 8.2 kB | 0.9/119 kB
Progress (5): 0/2.9 MB | 47/174 kB | 46/314 kB | 8.2 kB | 0.9/119 kB
Progress (5): 0/2.9 MB | 47/174 kB | 46/314 kB | 8.2 kB | 2.3/119 kB
Progress (5): 0/2.9 MB | 47/174 kB | 48/314 kB | 8.2 kB | 2.3/119 kB
Progress (5): 0/2.9 MB | 47/174 kB | 48/314 kB | 8.2 kB | 3.7/119 kB
Progress (5): 0/2.9 MB | 47/174 kB | 49/314 kB | 8.2 kB | 3.7/119 kB
Progress (5): 0/2.9 MB | 47/174 kB | 49/314 kB | 8.2 kB | 5.0/119 kB
Progress (5): 0/2.9 MB | 47/174 kB | 51/314 kB | 8.2 kB | 5.0/119 kB
Progress (5): 0/2.9 MB | 47/174 kB | 51/314 kB | 8.2 kB | 6.4/119 kB
Progress (5): 0/2.9 MB | 47/174 kB | 51/314 kB | 8.2 kB | 6.4/119 kB
Progress (5): 0/2.9 MB | 47/174 kB | 51/314 kB | 8.2 kB | 6.4/119 kB
Progress (5): 0/2.9 MB | 47/174 kB | 51/314 kB | 8.2 kB | 6.4/119 kB
Progress (5): 0/2.9 MB | 47/174 kB | 51/314 kB | 8.2 kB | 6.4/119 kB
Progress (5): 0/2.9 MB | 47/174 kB | 51/314 kB | 8.2 kB | 6.4/119 kB
Progress (5): 0/2.9 MB | 47/174 kB | 51/314 kB | 8.2 kB | 6.4/119 kB
Progress (5): 0/2.9 MB | 47/174 kB | 51/314 kB | 8.2 kB | 6.4/119 kB
Progress (5): 0/2.9 MB | 47/174 kB | 52/314 kB | 8.2 kB | 6.4/119 kB
Progress (5): 0/2.9 MB | 47/174 kB | 52/314 kB | 8.2 kB | 6.4/119 kB
Progress (5): 0/2.9 MB | 47/174 kB | 52/314 kB | 8.2 kB | 6.4/119 kB
Progress (5): 0/2.9 MB | 47/174 kB | 53/314 kB | 8.2 kB | 6.4/119 kB
Progress (5): 0/2.9 MB | 47/174 kB | 53/314 kB | 8.2 kB | 6.4/119 kB
Progress (5): 0/2.9 MB | 47/174 kB | 55/314 kB | 8.2 kB | 6.4/119 kB
Progress (5): 0/2.9 MB | 47/174 kB | 55/314 kB | 8.2 kB | 6.4/119 kB
Progress (5): 0.1/2.9 MB | 47/174 kB | 55/314 kB | 8.2 kB | 6.4/119 kB
Progress (5): 0.1/2.9 MB | 47/174 kB | 55/314 kB | 8.2 kB | 6.4/119 kB
Progress (5): 0.1/2.9 MB | 47/174 kB | 59/314 kB | 8.2 kB | 6.4/119 kB
Progress (5): 0.1/2.9 MB | 47/174 kB | 59/314 kB | 8.2 kB | 6.4/119 kB
Progress (5): 0.1/2.9 MB | 47/174 kB | 59/314 kB | 8.2 kB | 7.8/119 kB
Progress (5): 0.1/2.9 MB | 47/174 kB | 59/314 kB | 8.2 kB | 7.8/119 kB
Progress (5): 0.1/2.9 MB | 47/174 kB | 63/314 kB | 8.2 kB | 7.8/119 kB
Progress (5): 0.1/2.9 MB | 47/174 kB | 63/314 kB | 8.2 kB | 7.8/119 kB
Progress (5): 0.1/2.9 MB | 47/174 kB | 67/314 kB | 8.2 kB | 7.8/119 kB
Progress (5): 0.1/2.9 MB | 47/174 kB | 67/314 kB | 8.2 kB | 9.1/119 kB
Progress (5): 0.1/2.9 MB | 47/174 kB | 72/314 kB | 8.2 kB | 9.1/119 kB
Progress (5): 0.1/2.9 MB | 47/174 kB | 72/314 kB | 8.2 kB | 11/119 kB 
Progress (5): 0.1/2.9 MB | 47/174 kB | 76/314 kB | 8.2 kB | 11/119 kB
Progress (5): 0.1/2.9 MB | 47/174 kB | 76/314 kB | 8.2 kB | 12/119 kB
Progress (5): 0.1/2.9 MB | 47/174 kB | 80/314 kB | 8.2 kB | 12/119 kB
                                                                     
Downloaded from central: https://repo.maven.apache.org/maven2/org/apache/maven/surefire/surefire-extensions-spi/3.5.4/surefire-extensions-spi-3.5.4.jar (8.2 kB at 8.4 kB/s)
Progress (4): 0.1/2.9 MB | 49/174 kB | 80/314 kB | 12/119 kB
Progress (4): 0.1/2.9 MB | 49/174 kB | 80/314 kB | 12/119 kB
Progress (4): 0.1/2.9 MB | 50/174 kB | 80/314 kB | 12/119 kB
Progress (4): 0.1/2.9 MB | 50/174 kB | 80/314 kB | 12/119 kB
Progress (4): 0.1/2.9 MB | 52/174 kB | 80/314 kB | 12/119 kB
Progress (4): 0.1/2.9 MB | 53/174 kB | 80/314 kB | 12/119 kB
Progress (4): 0.1/2.9 MB | 53/174 kB | 80/314 kB | 12/119 kB
Progress (4): 0.1/2.9 MB | 54/174 kB | 80/314 kB | 12/119 kB
Progress (4): 0.1/2.9 MB | 56/174 kB | 80/314 kB | 12/119 kB
Progress (4): 0.1/2.9 MB | 56/174 kB | 80/314 kB | 12/119 kB
Progress (4): 0.1/2.9 MB | 60/174 kB | 80/314 kB | 12/119 kB
Progress (4): 0.1/2.9 MB | 64/174 kB | 80/314 kB | 12/119 kB
Progress (4): 0.1/2.9 MB | 68/174 kB | 80/314 kB | 12/119 kB
Progress (4): 0.1/2.9 MB | 73/174 kB | 80/314 kB | 12/119 kB
Progress (4): 0.1/2.9 MB | 77/174 kB | 80/314 kB | 12/119 kB
Progress (4): 0.1/2.9 MB | 77/174 kB | 80/314 kB | 12/119 kB
Progress (4): 0.1/2.9 MB | 81/174 kB | 80/314 kB | 12/119 kB
Progress (4): 0.1/2.9 MB | 81/174 kB | 80/314 kB | 12/119 kB
Progress (4): 0.1/2.9 MB | 85/174 kB | 80/314 kB | 12/119 kB
Progress (4): 0.1/2.9 MB | 90/174 kB | 80/314 kB | 12/119 kB
Progress (4): 0.1/2.9 MB | 90/174 kB | 84/314 kB | 12/119 kB
Progress (4): 0.1/2.9 MB | 90/174 kB | 84/314 kB | 12/119 kB
Progress (4): 0.1/2.9 MB | 90/174 kB | 89/314 kB | 12/119 kB
Progress (4): 0.1/2.9 MB | 90/174 kB | 89/314 kB | 12/119 kB
Progress (4): 0.1/2.9 MB | 90/174 kB | 93/314 kB | 12/119 kB
Progress (4): 0.1/2.9 MB | 94/174 kB | 93/314 kB | 12/119 kB
Progress (4): 0.1/2.9 MB | 94/174 kB | 97/314 kB | 12/119 kB
Progress (4): 0.1/2.9 MB | 94/174 kB | 101/314 kB | 12/119 kB
Progress (4): 0.1/2.9 MB | 98/174 kB | 101/314 kB | 12/119 kB
Progress (4): 0.1/2.9 MB | 102/174 kB | 101/314 kB | 12/119 kB
Progress (4): 0.1/2.9 MB | 106/174 kB | 101/314 kB | 12/119 kB
Progress (4): 0.1/2.9 MB | 111/174 kB | 101/314 kB | 12/119 kB
Progress (4): 0.1/2.9 MB | 111/174 kB | 105/314 kB | 12/119 kB
Progress (4): 0.1/2.9 MB | 111/174 kB | 105/314 kB | 12/119 kB
Progress (4): 0.1/2.9 MB | 111/174 kB | 110/314 kB | 12/119 kB
Progress (4): 0.1/2.9 MB | 111/174 kB | 110/314 kB | 12/119 kB
Progress (4): 0.1/2.9 MB | 111/174 kB | 110/314 kB | 12/119 kB
Progress (4): 0.1/2.9 MB | 111/174 kB | 114/314 kB | 12/119 kB
Progress (4): 0.1/2.9 MB | 111/174 kB | 118/314 kB | 12/119 kB
Progress (4): 0.1/2.9 MB | 111/174 kB | 118/314 kB | 13/119 kB
Progress (4): 0.1/2.9 MB | 115/174 kB | 118/314 kB | 13/119 kB
Progress (4): 0.1/2.9 MB | 115/174 kB | 118/314 kB | 15/119 kB
Progress (4): 0.1/2.9 MB | 115/174 kB | 122/314 kB | 15/119 kB
Progress (4): 0.1/2.9 MB | 115/174 kB | 122/314 kB | 15/119 kB
Progress (4): 0.1/2.9 MB | 119/174 kB | 122/314 kB | 15/119 kB
Progress (4): 0.1/2.9 MB | 123/174 kB | 122/314 kB | 15/119 kB
Progress (4): 0.1/2.9 MB | 123/174 kB | 127/314 kB | 15/119 kB
Progress (4): 0.1/2.9 MB | 123/174 kB | 127/314 kB | 16/119 kB
Progress (4): 0.1/2.9 MB | 123/174 kB | 131/314 kB | 16/119 kB
Progress (4): 0.1/2.9 MB | 123/174 kB | 131/314 kB | 17/119 kB
Progress (4): 0.1/2.9 MB | 123/174 kB | 131/314 kB | 17/119 kB
Progress (4): 0.1/2.9 MB | 123/174 kB | 131/314 kB | 17/119 kB
Progress (4): 0.1/2.9 MB | 123/174 kB | 131/314 kB | 19/119 kB
Progress (4): 0.1/2.9 MB | 123/174 kB | 131/314 kB | 20/119 kB
Progress (4): 0.1/2.9 MB | 123/174 kB | 131/314 kB | 21/119 kB
Progress (4): 0.1/2.9 MB | 123/174 kB | 131/314 kB | 23/119 kB
Progress (4): 0.1/2.9 MB | 123/174 kB | 131/314 kB | 24/119 kB
Progress (4): 0.1/2.9 MB | 123/174 kB | 131/314 kB | 26/119 kB
Progress (4): 0.1/2.9 MB | 123/174 kB | 131/314 kB | 27/119 kB
Progress (4): 0.1/2.9 MB | 123/174 kB | 131/314 kB | 28/119 kB
Progress (4): 0.1/2.9 MB | 123/174 kB | 131/314 kB | 30/119 kB
Progress (4): 0.1/2.9 MB | 123/174 kB | 131/314 kB | 31/119 kB
Progress (4): 0.1/2.9 MB | 123/174 kB | 131/314 kB | 32/119 kB
Progress (4): 0.1/2.9 MB | 123/174 kB | 131/314 kB | 34/119 kB
Progress (4): 0.1/2.9 MB | 123/174 kB | 131/314 kB | 35/119 kB
Progress (4): 0.1/2.9 MB | 123/174 kB | 131/314 kB | 37/119 kB
Progress (4): 0.1/2.9 MB | 123/174 kB | 131/314 kB | 38/119 kB
Progress (4): 0.1/2.9 MB | 123/174 kB | 131/314 kB | 39/119 kB
Progress (4): 0.1/2.9 MB | 123/174 kB | 131/314 kB | 41/119 kB
Progress (4): 0.1/2.9 MB | 123/174 kB | 131/314 kB | 45/119 kB
Progress (4): 0.1/2.9 MB | 123/174 kB | 131/314 kB | 49/119 kB
Progress (4): 0.1/2.9 MB | 123/174 kB | 131/314 kB | 53/119 kB
Progress (4): 0.1/2.9 MB | 123/174 kB | 131/314 kB | 58/119 kB
Progress (4): 0.1/2.9 MB | 123/174 kB | 131/314 kB | 62/119 kB
Progress (4): 0.1/2.9 MB | 123/174 kB | 131/314 kB | 66/119 kB
Progress (4): 0.1/2.9 MB | 123/174 kB | 131/314 kB | 70/119 kB
Progress (4): 0.1/2.9 MB | 123/174 kB | 131/314 kB | 74/119 kB
Progress (4): 0.1/2.9 MB | 123/174 kB | 131/314 kB | 74/119 kB
Progress (4): 0.1/2.9 MB | 123/174 kB | 131/314 kB | 74/119 kB
Progress (4): 0.1/2.9 MB | 128/174 kB | 131/314 kB | 74/119 kB
Progress (4): 0.1/2.9 MB | 128/174 kB | 135/314 kB | 74/119 kB
Progress (4): 0.1/2.9 MB | 128/174 kB | 135/314 kB | 74/119 kB
Progress (4): 0.1/2.9 MB | 128/174 kB | 140/314 kB | 74/119 kB
Progress (4): 0.1/2.9 MB | 128/174 kB | 144/314 kB | 74/119 kB
Progress (4): 0.1/2.9 MB | 128/174 kB | 148/314 kB | 74/119 kB
Progress (4): 0.1/2.9 MB | 132/174 kB | 148/314 kB | 74/119 kB
Progress (4): 0.1/2.9 MB | 132/174 kB | 152/314 kB | 74/119 kB
Progress (4): 0.1/2.9 MB | 136/174 kB | 152/314 kB | 74/119 kB
Progress (4): 0.1/2.9 MB | 140/174 kB | 152/314 kB | 74/119 kB
Progress (4): 0.1/2.9 MB | 144/174 kB | 152/314 kB | 74/119 kB
Progress (4): 0.1/2.9 MB | 149/174 kB | 152/314 kB | 74/119 kB
Progress (4): 0.1/2.9 MB | 153/174 kB | 152/314 kB | 74/119 kB
Progress (4): 0.1/2.9 MB | 153/174 kB | 152/314 kB | 74/119 kB
Progress (4): 0.1/2.9 MB | 157/174 kB | 152/314 kB | 74/119 kB
Progress (4): 0.1/2.9 MB | 157/174 kB | 152/314 kB | 74/119 kB
Progress (4): 0.1/2.9 MB | 157/174 kB | 152/314 kB | 74/119 kB
Progress (4): 0.1/2.9 MB | 157/174 kB | 152/314 kB | 74/119 kB
Progress (4): 0.1/2.9 MB | 157/174 kB | 156/314 kB | 74/119 kB
Progress (4): 0.1/2.9 MB | 157/174 kB | 156/314 kB | 74/119 kB
Progress (4): 0.1/2.9 MB | 157/174 kB | 156/314 kB | 74/119 kB
Progress (4): 0.2/2.9 MB | 157/174 kB | 156/314 kB | 74/119 kB
Progress (4): 0.2/2.9 MB | 157/174 kB | 156/314 kB | 74/119 kB
Progress (4): 0.2/2.9 MB | 157/174 kB | 156/314 kB | 74/119 kB
Progress (4): 0.2/2.9 MB | 157/174 kB | 161/314 kB | 74/119 kB
Progress (4): 0.2/2.9 MB | 161/174 kB | 161/314 kB | 74/119 kB
Progress (4): 0.2/2.9 MB | 161/174 kB | 161/314 kB | 74/119 kB
Progress (4): 0.2/2.9 MB | 161/174 kB | 161/314 kB | 74/119 kB
Progress (4): 0.2/2.9 MB | 161/174 kB | 161/314 kB | 74/119 kB
Progress (4): 0.2/2.9 MB | 161/174 kB | 161/314 kB | 74/119 kB
Progress (4): 0.2/2.9 MB | 161/174 kB | 161/314 kB | 74/119 kB
Progress (4): 0.2/2.9 MB | 161/174 kB | 165/314 kB | 74/119 kB
Progress (4): 0.2/2.9 MB | 161/174 kB | 169/314 kB | 74/119 kB
Progress (4): 0.2/2.9 MB | 161/174 kB | 173/314 kB | 74/119 kB
Progress (4): 0.2/2.9 MB | 161/174 kB | 178/314 kB | 74/119 kB
Progress (4): 0.2/2.9 MB | 161/174 kB | 182/314 kB | 74/119 kB
Progress (4): 0.2/2.9 MB | 161/174 kB | 186/314 kB | 74/119 kB
Progress (4): 0.2/2.9 MB | 161/174 kB | 190/314 kB | 74/119 kB
Progress (4): 0.2/2.9 MB | 166/174 kB | 190/314 kB | 74/119 kB
Progress (4): 0.2/2.9 MB | 166/174 kB | 190/314 kB | 74/119 kB
Progress (4): 0.2/2.9 MB | 166/174 kB | 195/314 kB | 74/119 kB
Progress (4): 0.2/2.9 MB | 170/174 kB | 195/314 kB | 74/119 kB
Progress (4): 0.2/2.9 MB | 170/174 kB | 199/314 kB | 74/119 kB
Progress (4): 0.2/2.9 MB | 174 kB | 199/314 kB | 74/119 kB    
Progress (4): 0.2/2.9 MB | 174 kB | 199/314 kB | 74/119 kB
Progress (4): 0.2/2.9 MB | 174 kB | 203/314 kB | 74/119 kB
Progress (4): 0.2/2.9 MB | 174 kB | 207/314 kB | 74/119 kB
Progress (4): 0.2/2.9 MB | 174 kB | 207/314 kB | 74/119 kB
Progress (4): 0.2/2.9 MB | 174 kB | 207/314 kB | 79/119 kB
Progress (4): 0.2/2.9 MB | 174 kB | 211/314 kB | 79/119 kB
Progress (4): 0.2/2.9 MB | 174 kB | 211/314 kB | 79/119 kB
                                                          
Downloaded from central: https://repo.maven.apache.org/maven2/org/apache/maven/surefire/surefire-api/3.5.4/surefire-api-3.5.4.jar (174 kB at 147 kB/s)
Progress (3): 0.2/2.9 MB | 211/314 kB | 83/119 kB
Progress (3): 0.2/2.9 MB | 216/314 kB | 83/119 kB
Progress (3): 0.2/2.9 MB | 220/314 kB | 83/119 kB
Progress (3): 0.2/2.9 MB | 220/314 kB | 83/119 kB
Progress (3): 0.2/2.9 MB | 220/314 kB | 87/119 kB
Progress (3): 0.2/2.9 MB | 220/314 kB | 91/119 kB
Progress (3): 0.2/2.9 MB | 220/314 kB | 96/119 kB
Progress (3): 0.2/2.9 MB | 220/314 kB | 96/119 kB
Progress (3): 0.2/2.9 MB | 220/314 kB | 100/119 kB
Progress (3): 0.2/2.9 MB | 220/314 kB | 104/119 kB
Progress (3): 0.2/2.9 MB | 220/314 kB | 108/119 kB
Progress (3): 0.2/2.9 MB | 220/314 kB | 113/119 kB
Progress (3): 0.2/2.9 MB | 220/314 kB | 113/119 kB
Progress (3): 0.2/2.9 MB | 220/314 kB | 117/119 kB
Progress (3): 0.2/2.9 MB | 220/314 kB | 119 kB    
Progress (3): 0.2/2.9 MB | 220/314 kB | 119 kB
Progress (3): 0.2/2.9 MB | 220/314 kB | 119 kB
Progress (3): 0.2/2.9 MB | 236/314 kB | 119 kB
                                              
Downloaded from central: https://repo.maven.apache.org/maven2/org/apache/maven/surefire/surefire-booter/3.5.4/surefire-booter-3.5.4.jar (119 kB at 98 kB/s)
Progress (2): 0.2/2.9 MB | 236/314 kB
Progress (2): 0.2/2.9 MB | 253/314 kB
Progress (2): 0.2/2.9 MB | 262/314 kB
Progress (2): 0.2/2.9 MB | 262/314 kB
Progress (2): 0.3/2.9 MB | 262/314 kB
Progress (2): 0.3/2.9 MB | 262/314 kB
Progress (2): 0.3/2.9 MB | 279/314 kB
Progress (2): 0.3/2.9 MB | 279/314 kB
Progress (2): 0.3/2.9 MB | 295/314 kB
Progress (2): 0.3/2.9 MB | 295/314 kB
Progress (2): 0.3/2.9 MB | 311/314 kB
Progress (2): 0.3/2.9 MB | 314 kB    
Progress (2): 0.3/2.9 MB | 314 kB
Progress (2): 0.3/2.9 MB | 314 kB
Progress (2): 0.3/2.9 MB | 314 kB
                                 
Downloaded from central: https://repo.maven.apache.org/maven2/org/apache/maven/surefire/maven-surefire-common/3.5.4/maven-surefire-common-3.5.4.jar (314 kB at 241 kB/s)
Progress (1): 0.4/2.9 MB
Progress (1): 0.4/2.9 MB
Progress (1): 0.4/2.9 MB
Progress (1): 0.4/2.9 MB
Progress (1): 0.4/2.9 MB
Progress (1): 0.4/2.9 MB
Progress (1): 0.5/2.9 MB
Progress (1): 0.5/2.9 MB
Progress (1): 0.5/2.9 MB
Progress (1): 0.5/2.9 MB
Progress (1): 0.5/2.9 MB
Progress (1): 0.5/2.9 MB
Progress (1): 0.6/2.9 MB
Progress (1): 0.6/2.9 MB
Progress (1): 0.6/2.9 MB
Progress (1): 0.6/2.9 MB
Progress (1): 0.6/2.9 MB
Progress (1): 0.6/2.9 MB
Progress (1): 0.7/2.9 MB
Progress (1): 0.7/2.9 MB
Progress (1): 0.7/2.9 MB
Progress (1): 0.7/2.9 MB
Progress (1): 0.7/2.9 MB
Progress (1): 0.7/2.9 MB
Progress (1): 0.8/2.9 MB
Progress (1): 0.8/2.9 MB
Progress (1): 0.8/2.9 MB
Progress (1): 0.8/2.9 MB
Progress (1): 0.8/2.9 MB
Progress (1): 0.8/2.9 MB
Progress (1): 0.9/2.9 MB
Progress (1): 0.9/2.9 MB
Progress (1): 0.9/2.9 MB
Progress (1): 0.9/2.9 MB
Progress (1): 0.9/2.9 MB
Progress (1): 0.9/2.9 MB
Progress (1): 0.9/2.9 MB
Progress (1): 1.0/2.9 MB
Progress (1): 1.0/2.9 MB
Progress (1): 1.0/2.9 MB
Progress (1): 1.0/2.9 MB
Progress (1): 1.0/2.9 MB
Progress (1): 1.0/2.9 MB
Progress (1): 1.1/2.9 MB
Progress (1): 1.1/2.9 MB
Progress (1): 1.1/2.9 MB
Progress (1): 1.1/2.9 MB
Progress (1): 1.1/2.9 MB
Progress (1): 1.1/2.9 MB
Progress (1): 1.2/2.9 MB
Progress (1): 1.2/2.9 MB
Progress (1): 1.2/2.9 MB
Progress (1): 1.2/2.9 MB
Progress (1): 1.2/2.9 MB
Progress (1): 1.2/2.9 MB
Progress (1): 1.3/2.9 MB
Progress (1): 1.3/2.9 MB
Progress (1): 1.3/2.9 MB
Progress (1): 1.3/2.9 MB
Progress (1): 1.3/2.9 MB
Progress (1): 1.3/2.9 MB
Progress (1): 1.4/2.9 MB
Progress (1): 1.4/2.9 MB
Progress (1): 1.4/2.9 MB
Progress (1): 1.4/2.9 MB
Progress (1): 1.4/2.9 MB
Progress (1): 1.4/2.9 MB
Progress (1): 1.5/2.9 MB
Progress (1): 1.5/2.9 MB
Progress (1): 1.5/2.9 MB
Progress (1): 1.5/2.9 MB
Progress (1): 1.5/2.9 MB
Progress (1): 1.5/2.9 MB
Progress (1): 1.6/2.9 MB
Progress (1): 1.6/2.9 MB
Progress (1): 1.6/2.9 MB
Progress (1): 1.6/2.9 MB
Progress (1): 1.6/2.9 MB
Progress (1): 1.6/2.9 MB
Progress (1): 1.7/2.9 MB
Progress (1): 1.7/2.9 MB
Progress (1): 1.7/2.9 MB
Progress (1): 1.7/2.9 MB
Progress (1): 1.7/2.9 MB
Progress (1): 1.7/2.9 MB
Progress (1): 1.8/2.9 MB
Progress (1): 1.8/2.9 MB
Progress (1): 1.8/2.9 MB
Progress (1): 1.8/2.9 MB
Progress (1): 1.8/2.9 MB
Progress (1): 1.8/2.9 MB
Progress (1): 1.9/2.9 MB
Progress (1): 1.9/2.9 MB
Progress (1): 1.9/2.9 MB
Progress (1): 1.9/2.9 MB
Progress (1): 1.9/2.9 MB
Progress (1): 1.9/2.9 MB
Progress (1): 1.9/2.9 MB
Progress (1): 2.0/2.9 MB
Progress (1): 2.0/2.9 MB
Progress (1): 2.0/2.9 MB
Progress (1): 2.0/2.9 MB
Progress (1): 2.0/2.9 MB
Progress (1): 2.0/2.9 MB
Progress (1): 2.1/2.9 MB
Progress (1): 2.1/2.9 MB
Progress (1): 2.1/2.9 MB
Progress (1): 2.1/2.9 MB
Progress (1): 2.1/2.9 MB
Progress (1): 2.1/2.9 MB
Progress (1): 2.2/2.9 MB
Progress (1): 2.2/2.9 MB
Progress (1): 2.2/2.9 MB
Progress (1): 2.2/2.9 MB
Progress (1): 2.2/2.9 MB
Progress (1): 2.2/2.9 MB
Progress (1): 2.3/2.9 MB
Progress (1): 2.3/2.9 MB
Progress (1): 2.3/2.9 MB
Progress (1): 2.3/2.9 MB
Progress (1): 2.3/2.9 MB
Progress (1): 2.3/2.9 MB
Progress (1): 2.3/2.9 MB
Progress (1): 2.4/2.9 MB
Progress (1): 2.4/2.9 MB
Progress (1): 2.4/2.9 MB
Progress (1): 2.4/2.9 MB
Progress (1): 2.4/2.9 MB
Progress (1): 2.4/2.9 MB
Progress (1): 2.5/2.9 MB
Progress (1): 2.5/2.9 MB
Progress (1): 2.5/2.9 MB
Progress (1): 2.5/2.9 MB
Progress (1): 2.5/2.9 MB
Progress (1): 2.5/2.9 MB
Progress (1): 2.6/2.9 MB
Progress (1): 2.6/2.9 MB
Progress (1): 2.6/2.9 MB
Progress (1): 2.6/2.9 MB
Progress (1): 2.6/2.9 MB
Progress (1): 2.6/2.9 MB
Progress (1): 2.7/2.9 MB
Progress (1): 2.7/2.9 MB
Progress (1): 2.7/2.9 MB
Progress (1): 2.7/2.9 MB
Progress (1): 2.7/2.9 MB
Progress (1): 2.7/2.9 MB
Progress (1): 2.8/2.9 MB
Progress (1): 2.8/2.9 MB
Progress (1): 2.8/2.9 MB
Progress (1): 2.8/2.9 MB
Progress (1): 2.8/2.9 MB
Progress (1): 2.8/2.9 MB
Progress (1): 2.9/2.9 MB
Progress (1): 2.9/2.9 MB
Progress (1): 2.9/2.9 MB
Progress (1): 2.9/2.9 MB
Progress (1): 2.9/2.9 MB
Progress (1): 2.9/2.9 MB
Progress (1): 2.9 MB    
                    
Downloaded from central: https://repo.maven.apache.org/maven2/org/apache/maven/surefire/surefire-shared-utils/3.5.4/surefire-shared-utils-3.5.4.jar (2.9 MB at 1.3 MB/s)
[INFO] Using auto detected provider org.apache.maven.surefire.junitplatform.JUnitPlatformProvider
Downloading from central: https://repo.maven.apache.org/maven2/org/apache/maven/surefire/surefire-junit-platform/3.5.4/surefire-junit-platform-3.5.4.pom
Progress (1): 832 B
Progress (1): 3.9 kB
Progress (1): 5.2 kB
                    
Downloaded from central: https://repo.maven.apache.org/maven2/org/apache/maven/surefire/surefire-junit-platform/3.5.4/surefire-junit-platform-3.5.4.pom (5.2 kB at 39 kB/s)
Downloading from central: https://repo.maven.apache.org/maven2/org/apache/maven/surefire/surefire-providers/3.5.4/surefire-providers-3.5.4.pom
Progress (1): 844 B
Progress (1): 2.5 kB
                    
Downloaded from central: https://repo.maven.apache.org/maven2/org/apache/maven/surefire/surefire-providers/3.5.4/surefire-providers-3.5.4.pom (2.5 kB at 18 kB/s)
Downloading from central: https://repo.maven.apache.org/maven2/org/apache/maven/surefire/common-java5/3.5.4/common-java5-3.5.4.pom
Progress (1): 839 B
Progress (1): 2.8 kB
Progress (1): 3.1 kB
                    
Downloaded from central: https://repo.maven.apache.org/maven2/org/apache/maven/surefire/common-java5/3.5.4/common-java5-3.5.4.pom (3.1 kB at 25 kB/s)
Downloading from central: https://repo.maven.apache.org/maven2/org/junit/platform/junit-platform-engine/1.12.1/junit-platform-engine-1.12.1.pom
Progress (1): 957 B
Progress (1): 3.2 kB
                    
Downloaded from central: https://repo.maven.apache.org/maven2/org/junit/platform/junit-platform-engine/1.12.1/junit-platform-engine-1.12.1.pom (3.2 kB at 29 kB/s)
Downloading from central: https://repo.maven.apache.org/maven2/org/junit/platform/junit-platform-commons/1.12.1/junit-platform-commons-1.12.1.pom
Progress (1): 966 B
Progress (1): 2.8 kB
                    
Downloaded from central: https://repo.maven.apache.org/maven2/org/junit/platform/junit-platform-commons/1.12.1/junit-platform-commons-1.12.1.pom (2.8 kB at 25 kB/s)
Downloading from central: https://repo.maven.apache.org/maven2/org/junit/platform/junit-platform-launcher/1.12.1/junit-platform-launcher-1.12.1.pom
Progress (1): 967 B
Progress (1): 3.0 kB
                    
Downloaded from central: https://repo.maven.apache.org/maven2/org/junit/platform/junit-platform-launcher/1.12.1/junit-platform-launcher-1.12.1.pom (3.0 kB at 30 kB/s)
Downloading from central: https://repo.maven.apache.org/maven2/org/apache/maven/surefire/surefire-junit-platform/3.5.4/surefire-junit-platform-3.5.4.jar
Downloading from central: https://repo.maven.apache.org/maven2/org/apache/maven/surefire/common-java5/3.5.4/common-java5-3.5.4.jar
Downloading from central: https://repo.maven.apache.org/maven2/org/junit/platform/junit-platform-engine/1.12.1/junit-platform-engine-1.12.1.jar
Downloading from central: https://repo.maven.apache.org/maven2/org/junit/platform/junit-platform-launcher/1.12.1/junit-platform-launcher-1.12.1.jar
Downloading from central: https://repo.maven.apache.org/maven2/org/junit/platform/junit-platform-commons/1.12.1/junit-platform-commons-1.12.1.jar
Progress (1): 0.9/152 kB
Progress (2): 0.9/152 kB | 7.7/18 kB
Progress (2): 0.9/152 kB | 16/18 kB 
Progress (2): 0.9/152 kB | 18 kB   
Progress (2): 2.3/152 kB | 18 kB
Progress (2): 3.7/152 kB | 18 kB
Progress (2): 5.0/152 kB | 18 kB
Progress (2): 6.4/152 kB | 18 kB
Progress (3): 6.4/152 kB | 18 kB | 3.8/256 kB
Progress (3): 7.8/152 kB | 18 kB | 3.8/256 kB
Progress (3): 7.8/152 kB | 18 kB | 8.0/256 kB
Progress (3): 9.1/152 kB | 18 kB | 8.0/256 kB
Progress (3): 11/152 kB | 18 kB | 8.0/256 kB 
Progress (3): 12/152 kB | 18 kB | 8.0/256 kB
Progress (3): 12/152 kB | 18 kB | 12/256 kB 
Progress (3): 13/152 kB | 18 kB | 12/256 kB
                                           
Downloaded from central: https://repo.maven.apache.org/maven2/org/apache/maven/surefire/common-java5/3.5.4/common-java5-3.5.4.jar (18 kB at 148 kB/s)
Progress (3): 13/152 kB | 12/256 kB | 3.8/208 kB
Progress (3): 15/152 kB | 12/256 kB | 3.8/208 kB
Progress (3): 16/152 kB | 12/256 kB | 3.8/208 kB
Progress (3): 16/152 kB | 12/256 kB | 8.0/208 kB
Progress (3): 16/152 kB | 16/256 kB | 8.0/208 kB
Progress (3): 17/152 kB | 16/256 kB | 8.0/208 kB
Progress (3): 17/152 kB | 21/256 kB | 8.0/208 kB
Progress (4): 17/152 kB | 21/256 kB | 8.0/208 kB | 7.7/35 kB
Progress (4): 17/152 kB | 21/256 kB | 8.0/208 kB | 16/35 kB 
Progress (4): 19/152 kB | 21/256 kB | 8.0/208 kB | 16/35 kB
Progress (4): 23/152 kB | 21/256 kB | 8.0/208 kB | 16/35 kB
Progress (4): 23/152 kB | 21/256 kB | 12/208 kB | 16/35 kB 
Progress (4): 23/152 kB | 25/256 kB | 12/208 kB | 16/35 kB
Progress (4): 23/152 kB | 29/256 kB | 12/208 kB | 16/35 kB
Progress (4): 23/152 kB | 29/256 kB | 16/208 kB | 16/35 kB
Progress (4): 27/152 kB | 29/256 kB | 16/208 kB | 16/35 kB
Progress (4): 27/152 kB | 29/256 kB | 21/208 kB | 16/35 kB
Progress (4): 27/152 kB | 33/256 kB | 21/208 kB | 16/35 kB
Progress (4): 27/152 kB | 37/256 kB | 21/208 kB | 16/35 kB
Progress (4): 31/152 kB | 37/256 kB | 21/208 kB | 16/35 kB
Progress (4): 31/152 kB | 37/256 kB | 25/208 kB | 16/35 kB
Progress (4): 31/152 kB | 37/256 kB | 29/208 kB | 16/35 kB
Progress (4): 31/152 kB | 41/256 kB | 29/208 kB | 16/35 kB
Progress (4): 36/152 kB | 41/256 kB | 29/208 kB | 16/35 kB
Progress (4): 40/152 kB | 41/256 kB | 29/208 kB | 16/35 kB
Progress (4): 44/152 kB | 41/256 kB | 29/208 kB | 16/35 kB
Progress (4): 44/152 kB | 46/256 kB | 29/208 kB | 16/35 kB
Progress (4): 44/152 kB | 46/256 kB | 29/208 kB | 32/35 kB
Progress (4): 44/152 kB | 50/256 kB | 29/208 kB | 32/35 kB
Progress (4): 44/152 kB | 50/256 kB | 33/208 kB | 32/35 kB
Progress (4): 44/152 kB | 50/256 kB | 33/208 kB | 35 kB   
Progress (4): 44/152 kB | 50/256 kB | 38/208 kB | 35 kB
Progress (4): 44/152 kB | 50/256 kB | 42/208 kB | 35 kB
Progress (4): 44/152 kB | 50/256 kB | 46/208 kB | 35 kB
Progress (4): 48/152 kB | 50/256 kB | 46/208 kB | 35 kB
Progress (4): 53/152 kB | 50/256 kB | 46/208 kB | 35 kB
Progress (4): 53/152 kB | 50/256 kB | 50/208 kB | 35 kB
Progress (4): 53/152 kB | 50/256 kB | 55/208 kB | 35 kB
Progress (4): 53/152 kB | 66/256 kB | 55/208 kB | 35 kB
                                                       
Downloaded from central: https://repo.maven.apache.org/maven2/org/apache/maven/surefire/surefire-junit-platform/3.5.4/surefire-junit-platform-3.5.4.jar (35 kB at 210 kB/s)
Progress (3): 57/152 kB | 66/256 kB | 55/208 kB
Progress (3): 61/152 kB | 66/256 kB | 55/208 kB
Progress (3): 61/152 kB | 66/256 kB | 59/208 kB
Progress (3): 61/152 kB | 66/256 kB | 61/208 kB
Progress (3): 61/152 kB | 66/256 kB | 66/208 kB
Progress (3): 61/152 kB | 66/256 kB | 70/208 kB
Progress (3): 61/152 kB | 83/256 kB | 70/208 kB
Progress (3): 61/152 kB | 83/256 kB | 74/208 kB
Progress (3): 61/152 kB | 83/256 kB | 78/208 kB
Progress (3): 61/152 kB | 83/256 kB | 83/208 kB
Progress (3): 61/152 kB | 83/256 kB | 87/208 kB
Progress (3): 61/152 kB | 99/256 kB | 87/208 kB
Progress (3): 65/152 kB | 99/256 kB | 87/208 kB
Progress (3): 69/152 kB | 99/256 kB | 87/208 kB
Progress (3): 74/152 kB | 99/256 kB | 87/208 kB
Progress (3): 78/152 kB | 99/256 kB | 87/208 kB
Progress (3): 78/152 kB | 99/256 kB | 103/208 kB
Progress (3): 82/152 kB | 99/256 kB | 103/208 kB
Progress (3): 86/152 kB | 99/256 kB | 103/208 kB
Progress (3): 91/152 kB | 99/256 kB | 103/208 kB
Progress (3): 91/152 kB | 99/256 kB | 120/208 kB
Progress (3): 95/152 kB | 99/256 kB | 120/208 kB
Progress (3): 99/152 kB | 99/256 kB | 120/208 kB
Progress (3): 103/152 kB | 99/256 kB | 120/208 kB
Progress (3): 103/152 kB | 99/256 kB | 136/208 kB
Progress (3): 108/152 kB | 99/256 kB | 136/208 kB
Progress (3): 112/152 kB | 99/256 kB | 136/208 kB
Progress (3): 116/152 kB | 99/256 kB | 136/208 kB
Progress (3): 120/152 kB | 99/256 kB | 136/208 kB
Progress (3): 124/152 kB | 99/256 kB | 136/208 kB
Progress (3): 129/152 kB | 99/256 kB | 136/208 kB
Progress (3): 133/152 kB | 99/256 kB | 136/208 kB
Progress (3): 133/152 kB | 99/256 kB | 152/208 kB
Progress (3): 137/152 kB | 99/256 kB | 152/208 kB
Progress (3): 141/152 kB | 99/256 kB | 152/208 kB
Progress (3): 146/152 kB | 99/256 kB | 152/208 kB
Progress (3): 150/152 kB | 99/256 kB | 152/208 kB
Progress (3): 152 kB | 99/256 kB | 152/208 kB    
Progress (3): 152 kB | 99/256 kB | 169/208 kB
                                             
Downloaded from central: https://repo.maven.apache.org/maven2/org/junit/platform/junit-platform-commons/1.12.1/junit-platform-commons-1.12.1.jar (152 kB at 513 kB/s)
Progress (2): 99/256 kB | 185/208 kB
Progress (2): 99/256 kB | 193/208 kB
Progress (2): 115/256 kB | 193/208 kB
Progress (2): 132/256 kB | 193/208 kB
Progress (2): 148/256 kB | 193/208 kB
Progress (2): 148/256 kB | 208 kB    
Progress (2): 156/256 kB | 208 kB
Progress (2): 172/256 kB | 208 kB
Progress (2): 188/256 kB | 208 kB
Progress (2): 205/256 kB | 208 kB
Progress (2): 221/256 kB | 208 kB
Progress (2): 238/256 kB | 208 kB
                                 
Downloaded from central: https://repo.maven.apache.org/maven2/org/junit/platform/junit-platform-launcher/1.12.1/junit-platform-launcher-1.12.1.jar (208 kB at 647 kB/s)
Progress (1): 254/256 kB
Progress (1): 256 kB    
                    
Downloaded from central: https://repo.maven.apache.org/maven2/org/junit/platform/junit-platform-engine/1.12.1/junit-platform-engine-1.12.1.jar (256 kB at 752 kB/s)
Downloading from central: https://repo.maven.apache.org/maven2/org/junit/platform/junit-platform-launcher/6.0.2/junit-platform-launcher-6.0.2.pom
Progress (1): 971 B
Progress (1): 3.2 kB
                    
Downloaded from central: https://repo.maven.apache.org/maven2/org/junit/platform/junit-platform-launcher/6.0.2/junit-platform-launcher-6.0.2.pom (3.2 kB at 29 kB/s)
Downloading from central: https://repo.maven.apache.org/maven2/org/junit/platform/junit-platform-launcher/6.0.2/junit-platform-launcher-6.0.2.jar
Progress (1): 7.7/246 kB
Progress (1): 16/246 kB 
Progress (1): 32/246 kB
Progress (1): 49/246 kB
Progress (1): 65/246 kB
Progress (1): 81/246 kB
Progress (1): 98/246 kB
Progress (1): 114/246 kB
Progress (1): 131/246 kB
Progress (1): 147/246 kB
Progress (1): 163/246 kB
Progress (1): 180/246 kB
Progress (1): 196/246 kB
Progress (1): 213/246 kB
Progress (1): 229/246 kB
Progress (1): 245/246 kB
Progress (1): 246 kB    
                    
Downloaded from central: https://repo.maven.apache.org/maven2/org/junit/platform/junit-platform-launcher/6.0.2/junit-platform-launcher-6.0.2.jar (246 kB at 705 kB/s)
[INFO] 
[INFO] -------------------------------------------------------
[INFO]  T E S T S
[INFO] -------------------------------------------------------
[INFO] Running com.ctn.commonauthentication.CommonAuthenticationApplicationTests
12:59:52.280 [main] INFO org.springframework.test.context.support.AnnotationConfigContextLoaderUtils -- Could not detect default configuration classes for test class [com.ctn.commonauthentication.CommonAuthenticationApplicationTests]: CommonAuthenticationApplicationTests does not declare any static, non-private, non-final, nested classes annotated with @Configuration.
12:59:52.659 [main] INFO org.springframework.boot.test.context.SpringBootTestContextBootstrapper -- Found @SpringBootConfiguration com.ctn.commonauthentication.CommonAuthenticationApplication for test class com.ctn.commonauthentication.CommonAuthenticationApplicationTests
12:59:53.482 [main] INFO org.springframework.boot.devtools.restart.RestartApplicationListener -- Restart disabled due to context in which it is running

  .   ____          _            __ _ _
 /\\ / ___'_ __ _ _(_)_ __  __ _ \ \ \ \
( ( )\___ | '_ | '_| | '_ \/ _` | \ \ \ \
 \\/  ___)| |_)| | | | | || (_| |  ) ) ) )
  '  |____| .__|_| |_|_| |_\__, | / / / /
 =========|_|==============|___/=/_/_/_/

 :: Spring Boot ::                (v4.0.2)

2026-02-23T12:59:57.157+05:30  INFO 2844 --- [auth-service] [           main] c.c.CommonAuthenticationApplicationTests : Starting CommonAuthenticationApplicationTests using Java 17.0.7 with PID 2844 (started by Lahiru Madushanka in C:\Users\Lahiru Madushanka\Desktop\SoftSora\Project CTN\common-authentication)
2026-02-23T12:59:57.159+05:30  INFO 2844 --- [auth-service] [           main] c.c.CommonAuthenticationApplicationTests : The following 1 profile is active: "local"
2026-02-23T13:00:01.077+05:30  INFO 2844 --- [auth-service] [           main] .s.d.r.c.RepositoryConfigurationDelegate : Bootstrapping Spring Data JPA repositories in DEFAULT mode.
2026-02-23T13:00:01.761+05:30  INFO 2844 --- [auth-service] [           main] .s.d.r.c.RepositoryConfigurationDelegate : Finished Spring Data repository scanning in 653 ms. Found 16 JPA repository interfaces.
2026-02-23T13:00:03.673+05:30  INFO 2844 --- [auth-service] [           main] com.zaxxer.hikari.HikariDataSource       : HikariPool-1 - Starting...
2026-02-23T13:00:07.697+05:30  INFO 2844 --- [auth-service] [           main] com.zaxxer.hikari.pool.HikariPool        : HikariPool-1 - Added connection org.postgresql.jdbc.PgConnection@720c8f80
2026-02-23T13:00:07.719+05:30  INFO 2844 --- [auth-service] [           main] com.zaxxer.hikari.HikariDataSource       : HikariPool-1 - Start completed.
2026-02-23T13:00:08.184+05:30  INFO 2844 --- [auth-service] [           main] org.hibernate.orm.jpa                    : HHH008540: Processing PersistenceUnitInfo [name: default]
2026-02-23T13:00:08.597+05:30  INFO 2844 --- [auth-service] [           main] org.hibernate.orm.core                   : HHH000001: Hibernate ORM core version 7.2.1.Final
2026-02-23T13:00:09.355+05:30  INFO 2844 --- [auth-service] [           main] o.s.o.j.p.SpringPersistenceUnitInfo      : No LoadTimeWeaver setup: ignoring JPA class transformer
2026-02-23T13:00:09.891+05:30  WARN 2844 --- [auth-service] [           main] org.hibernate.orm.deprecation            : HHH90000025: PostgreSQLDialect does not need to be specified explicitly using 'hibernate.dialect' (remove the property setting and it will be selected by default)
2026-02-23T13:00:10.794+05:30  INFO 2844 --- [auth-service] [           main] org.hibernate.orm.connections.pooling    : HHH10001005: Database info:
	Database JDBC URL [jdbc:postgresql://appraisal-back-dev.c3gf9qrppzeo.ap-northeast-1.rds.amazonaws.com:5432/lump_sum_appraisal_ctn_develop]
	Database driver: PostgreSQL JDBC Driver
	Database dialect: PostgreSQLDialect
	Database version: 15.12
	Default catalog/schema: lump_sum_appraisal_ctn_develop/public
	Autocommit mode: undefined/unknown
	Isolation level: READ_COMMITTED [default READ_COMMITTED]
	JDBC fetch size: none
	Pool: DataSourceConnectionProvider
	Minimum pool size: undefined/unknown
	Maximum pool size: undefined/unknown
2026-02-23T13:00:11.271+05:30  WARN 2844 --- [auth-service] [           main] org.hibernate.orm.deprecation            : HHH90000033: Encountered use of deprecated annotation [interface jakarta.persistence.Temporal] at com.ctn.commonauthentication.entity.Message.timeStamp.
2026-02-23T13:00:14.023+05:30  INFO 2844 --- [auth-service] [           main] org.hibernate.orm.core                   : HHH000489: No JTA platform available (set 'hibernate.transaction.jta.platform' to enable JTA platform integration)
2026-02-23T13:00:14.034+05:30  INFO 2844 --- [auth-service] [           main] j.LocalContainerEntityManagerFactoryBean : Initialized JPA EntityManagerFactory for persistence unit 'default'
2026-02-23T13:00:14.235+05:30  INFO 2844 --- [auth-service] [           main] o.s.d.j.r.query.QueryEnhancerFactories   : Hibernate is in classpath; If applicable, HQL parser will be used.
2026-02-23T13:00:14.881+05:30  INFO 2844 --- [auth-service] [           main] eAuthenticationProviderManagerConfigurer : Global AuthenticationManager configured with AuthenticationProvider bean with name authenticationProvider
2026-02-23T13:00:14.882+05:30  WARN 2844 --- [auth-service] [           main] r$InitializeUserDetailsManagerConfigurer : Global AuthenticationManager configured with an AuthenticationProvider bean. UserDetailsService beans will not be used by Spring Security for automatically configuring username/password login. Consider removing the AuthenticationProvider bean. Alternatively, consider using the UserDetailsService in a manually instantiated DaoAuthenticationProvider. If the current configuration is intentional, to turn off this warning, increase the logging level of 'org.springframework.security.config.annotation.authentication.configuration.InitializeUserDetailsBeanManagerConfigurer' to ERROR
2026-02-23T13:00:18.653+05:30  INFO 2844 --- [auth-service] [           main] c.c.c.serviceImpl.CpassClient            : Initializing CpassClient with base URL: https://cpaasnow.com/api/v1
2026-02-23T13:00:19.103+05:30  INFO 2844 --- [auth-service] [           main] c.c.c.serviceImpl.CpassClient            : CpassClient initialized successfully with base URL: https://cpaasnow.com/api/v1
2026-02-23T13:00:19.179+05:30  WARN 2844 --- [auth-service] [           main] JpaBaseConfiguration$JpaWebConfiguration : spring.jpa.open-in-view is enabled by default. Therefore, database queries may be performed during view rendering. Explicitly configure spring.jpa.open-in-view to disable this warning
2026-02-23T13:00:19.892+05:30 DEBUG 2844 --- [auth-service] [           main] o.s.s.web.DefaultSecurityFilterChain     : Will secure any request with filters: DisableEncodeUrlFilter, WebAsyncManagerIntegrationFilter, SecurityContextHolderFilter, HeaderWriterFilter, CorsFilter, LogoutFilter, JwtAuthenticationFilter, RequestCacheAwareFilter, SecurityContextHolderAwareRequestFilter, AnonymousAuthenticationFilter, SessionManagementFilter, ExceptionTranslationFilter, AuthorizationFilter
2026-02-23T13:00:20.961+05:30  INFO 2844 --- [auth-service] [           main] c.c.CommonAuthenticationApplicationTests : Started CommonAuthenticationApplicationTests in 27.517 seconds (process running for 31.457)
.\mvnw.cmd : Java 
HotSpot(TM) 64-Bit 
Server VM warning: 
Sharing is only 
supported for boot 
loader classes because 
bootstrap classpath 
has been appended
At line:1 char:1
+ .\mvnw.cmd test -Dtes
t=CommonAuthenticationA
pplicationTests > 
test-ou ...
+ ~~~~~~~~~~~~~~~~~~~~~
~~~~~~~~~~~~~~~~~~~~~~~
~~~~~~~~~~~~~~~~~~~~~~~
~~
    + CategoryInfo     
         : NotSpecifi  
  ed: (Java HotSpot(   
 TM...s been append    
ed:String) [], Rem    
oteException
    + FullyQualifiedEr 
   rorId : NativeComm  
  andError
 
[INFO] Tests run: 1, Failures: 0, Errors: 0, Skipped: 0, Time elapsed: 32.96 s -- in com.ctn.commonauthentication.CommonAuthenticationApplicationTests
[INFO] 
[INFO] Results:
[INFO] 
[INFO] Tests run: 1, Failures: 0, Errors: 0, Skipped: 0
[INFO] 
[INFO] ------------------------------------------------------------------------
[INFO] BUILD SUCCESS
[INFO] ------------------------------------------------------------------------
[INFO] Total time:  44.358 s
[INFO] Finished at: 2026-02-23T13:00:25+05:30
[INFO] ------------------------------------------------------------------------
